{
  "version": "1.5.0",
  "plugins_used": [
    {
      "name": "ArtifactoryDetector"
    },
    {
      "name": "AWSKeyDetector"
    },
    {
      "name": "AzureStorageKeyDetector"
    },
    {
      "name": "Base64HighEntropyString",
      "limit": 4.5
    },
    {
      "name": "BasicAuthDetector"
    },
    {
      "name": "CloudantDetector"
    },
    {
      "name": "DiscordBotTokenDetector"
    },
    {
      "name": "GitHubTokenDetector"
    },
    {
      "name": "GitLabTokenDetector"
    },
    {
      "name": "HexHighEntropyString",
      "limit": 3.0
    },
    {
      "name": "IbmCloudIamDetector"
    },
    {
      "name": "IbmCosHmacDetector"
    },
    {
      "name": "IPPublicDetector"
    },
    {
      "name": "JwtTokenDetector"
    },
    {
      "name": "KeywordDetector",
      "keyword_exclude": ""
    },
    {
      "name": "MailchimpDetector"
    },
    {
      "name": "NpmDetector"
    },
    {
      "name": "OpenAIDetector"
    },
    {
      "name": "PrivateKeyDetector"
    },
    {
      "name": "PypiTokenDetector"
    },
    {
      "name": "SendGridDetector"
    },
    {
      "name": "SlackDetector"
    },
    {
      "name": "SoftlayerDetector"
    },
    {
      "name": "SquareOAuthDetector"
    },
    {
      "name": "StripeDetector"
    },
    {
      "name": "TelegramBotTokenDetector"
    },
    {
      "name": "TwilioKeyDetector"
    }
  ],
  "filters_used": [
    {
      "path": "detect_secrets.filters.allowlist.is_line_allowlisted"
    },
    {
      "path": "detect_secrets.filters.common.is_ignored_due_to_verification_policies",
      "min_level": 2
    },
    {
      "path": "detect_secrets.filters.heuristic.is_indirect_reference"
    },
    {
      "path": "detect_secrets.filters.heuristic.is_likely_id_string"
    },
    {
      "path": "detect_secrets.filters.heuristic.is_lock_file"
    },
    {
      "path": "detect_secrets.filters.heuristic.is_not_alphanumeric_string"
    },
    {
      "path": "detect_secrets.filters.heuristic.is_potential_uuid"
    },
    {
      "path": "detect_secrets.filters.heuristic.is_prefixed_with_dollar_sign"
    },
    {
      "path": "detect_secrets.filters.heuristic.is_sequential_string"
    },
    {
      "path": "detect_secrets.filters.heuristic.is_swagger_file"
    },
    {
      "path": "detect_secrets.filters.heuristic.is_templated_secret"
    }
  ],
  "results": {
    ".claude/worktrees/agent-a865ae43/.pytest_cache/CACHEDIR.TAG": [
      {
        "type": "Hex High Entropy String",
        "filename": ".claude/worktrees/agent-a865ae43/.pytest_cache/CACHEDIR.TAG",
        "hashed_secret": "e8f8c345877b2411a59897798e422b15b0c16d76",
        "is_verified": false,
        "line_number": 1
      }
    ],
    ".claude/worktrees/agent-ac2a63c0/.pytest_cache/CACHEDIR.TAG": [
      {
        "type": "Hex High Entropy String",
        "filename": ".claude/worktrees/agent-ac2a63c0/.pytest_cache/CACHEDIR.TAG",
        "hashed_secret": "e8f8c345877b2411a59897798e422b15b0c16d76",
        "is_verified": false,
        "line_number": 1
      }
    ],
    ".pytest_cache/CACHEDIR.TAG": [
      {
        "type": "Hex High Entropy String",
        "filename": ".pytest_cache/CACHEDIR.TAG",
        "hashed_secret": "e8f8c345877b2411a59897798e422b15b0c16d76",
        "is_verified": false,
        "line_number": 1
      }
    ],
    ".venv/lib/python3.13/site-packages/detect_secrets-1.5.0.dist-info/entry_points.txt": [
      {
        "type": "Secret Keyword",
        "filename": ".venv/lib/python3.13/site-packages/detect_secrets-1.5.0.dist-info/entry_points.txt",
        "hashed_secret": "a55cc495941ba0f382d3090386f5e07e63ef423d",
        "is_verified": false,
        "line_number": 2
      }
    ],
    ".venv/lib/python3.13/site-packages/detect_secrets/core/potential_secret.py": [
      {
        "type": "Secret Keyword",
        "filename": ".venv/lib/python3.13/site-packages/detect_secrets/core/potential_secret.py",
        "hashed_secret": "522bb49471c191584acd7dc2ceb42c03ca384a56",
        "is_verified": false,
        "line_number": 80
      }
    ],
    ".venv/lib/python3.13/site-packages/detect_secrets/main.py": [
      {
        "type": "Secret Keyword",
        "filename": ".venv/lib/python3.13/site-packages/detect_secrets/main.py",
        "hashed_secret": "97cdbdc7feff827efb082a6b6dd2727237cd49fd",
        "is_verified": false,
        "line_number": 96
      }
    ],
    ".venv/lib/python3.13/site-packages/detect_secrets/plugins/artifactory.py": [
      {
        "type": "Secret Keyword",
        "filename": ".venv/lib/python3.13/site-packages/detect_secrets/plugins/artifactory.py",
        "hashed_secret": "4825f8a411ba7cf9879a5f20331cab599299461a",
        "is_verified": false,
        "line_number": 8
      }
    ],
    ".venv/lib/python3.13/site-packages/detect_secrets/plugins/aws.py": [
      {
        "type": "Secret Keyword",
        "filename": ".venv/lib/python3.13/site-packages/detect_secrets/plugins/aws.py",
        "hashed_secret": "f2c45c60a2b1d2e8be265ff4b81faff4b90ac37d",
        "is_verified": false,
        "line_number": 23
      }
    ],
    ".venv/lib/python3.13/site-packages/detect_secrets/plugins/azure_storage_key.py": [
      {
        "type": "Secret Keyword",
        "filename": ".venv/lib/python3.13/site-packages/detect_secrets/plugins/azure_storage_key.py",
        "hashed_secret": "b80344e49f04ffacb0e65b37348bf05cf6435d28",
        "is_verified": false,
        "line_number": 11
      }
    ],
    ".venv/lib/python3.13/site-packages/detect_secrets/plugins/base.py": [
      {
        "type": "Secret Keyword",
        "filename": ".venv/lib/python3.13/site-packages/detect_secrets/plugins/base.py",
        "hashed_secret": "0beec7b5ea3f0fdbc95d0dd47f3c5bc275da8a33",
        "is_verified": false,
        "line_number": 156
      }
    ],
    ".venv/lib/python3.13/site-packages/detect_secrets/plugins/basic_auth.py": [
      {
        "type": "Secret Keyword",
        "filename": ".venv/lib/python3.13/site-packages/detect_secrets/plugins/basic_auth.py",
        "hashed_secret": "37b12e79df06e491c18cfe099eaf8aca6eae297c",
        "is_verified": false,
        "line_number": 17
      }
    ],
    ".venv/lib/python3.13/site-packages/detect_secrets/plugins/cloudant.py": [
      {
        "type": "Secret Keyword",
        "filename": ".venv/lib/python3.13/site-packages/detect_secrets/plugins/cloudant.py",
        "hashed_secret": "4010fd1234708a61d161d124b0cd8e0a79e9786a",
        "is_verified": false,
        "line_number": 14
      }
    ],
    ".venv/lib/python3.13/site-packages/detect_secrets/plugins/discord.py": [
      {
        "type": "Secret Keyword",
        "filename": ".venv/lib/python3.13/site-packages/detect_secrets/plugins/discord.py",
        "hashed_secret": "80e2bc3729001eef2f5b8e6bdf1632ed394aa8af",
        "is_verified": false,
        "line_number": 11
      }
    ],
    ".venv/lib/python3.13/site-packages/detect_secrets/plugins/github_token.py": [
      {
        "type": "Secret Keyword",
        "filename": ".venv/lib/python3.13/site-packages/detect_secrets/plugins/github_token.py",
        "hashed_secret": "677cedf7877737a2cb84fa055fb71200a93bd9ad",
        "is_verified": false,
        "line_number": 11
      }
    ],
    ".venv/lib/python3.13/site-packages/detect_secrets/plugins/gitlab_token.py": [
      {
        "type": "Secret Keyword",
        "filename": ".venv/lib/python3.13/site-packages/detect_secrets/plugins/gitlab_token.py",
        "hashed_secret": "ff9238b5782acd2176d54becea530127aeb3d8fe",
        "is_verified": false,
        "line_number": 12
      }
    ],
    ".venv/lib/python3.13/site-packages/detect_secrets/plugins/high_entropy_strings.py": [
      {
        "type": "Secret Keyword",
        "filename": ".venv/lib/python3.13/site-packages/detect_secrets/plugins/high_entropy_strings.py",
        "hashed_secret": "6fe31bb7eab1420120775f24ab313c585e5a0115",
        "is_verified": false,
        "line_number": 142
      },
      {
        "type": "Secret Keyword",
        "filename": ".venv/lib/python3.13/site-packages/detect_secrets/plugins/high_entropy_strings.py",
        "hashed_secret": "2fd896385ddd0129c48bc014dc662af63082d200",
        "is_verified": false,
        "line_number": 160
      }
    ],
    ".venv/lib/python3.13/site-packages/detect_secrets/plugins/ibm_cloud_iam.py": [
      {
        "type": "Secret Keyword",
        "filename": ".venv/lib/python3.13/site-packages/detect_secrets/plugins/ibm_cloud_iam.py",
        "hashed_secret": "bc5d769a55d08aa6f3ed3f167c058ec35376fec0",
        "is_verified": false,
        "line_number": 12
      }
    ],
    ".venv/lib/python3.13/site-packages/detect_secrets/plugins/ibm_cos_hmac.py": [
      {
        "type": "Secret Keyword",
        "filename": ".venv/lib/python3.13/site-packages/detect_secrets/plugins/ibm_cos_hmac.py",
        "hashed_secret": "5ac3c034e6f3a896546359d21cb309575717f05b",
        "is_verified": false,
        "line_number": 21
      }
    ],
    ".venv/lib/python3.13/site-packages/detect_secrets/plugins/ip_public.py": [
      {
        "type": "Secret Keyword",
        "filename": ".venv/lib/python3.13/site-packages/detect_secrets/plugins/ip_public.py",
        "hashed_secret": "0b1f769a9e28e054d7df348c98b0cba1917febb4",
        "is_verified": false,
        "line_number": 19
      }
    ],
    ".venv/lib/python3.13/site-packages/detect_secrets/plugins/jwt.py": [
      {
        "type": "Secret Keyword",
        "filename": ".venv/lib/python3.13/site-packages/detect_secrets/plugins/jwt.py",
        "hashed_secret": "932ca321c659a3b97ee2611d4c44ec5f65e2aa9c",
        "is_verified": false,
        "line_number": 14
      }
    ],
    ".venv/lib/python3.13/site-packages/detect_secrets/plugins/keyword.py": [
      {
        "type": "Secret Keyword",
        "filename": ".venv/lib/python3.13/site-packages/detect_secrets/plugins/keyword.py",
        "hashed_secret": "f32b67c7e26342af42efabc674d441dca0a281c5",
        "is_verified": false,
        "line_number": 67
      },
      {
        "type": "Secret Keyword",
        "filename": ".venv/lib/python3.13/site-packages/detect_secrets/plugins/keyword.py",
        "hashed_secret": "0beec7b5ea3f0fdbc95d0dd47f3c5bc275da8a33",
        "is_verified": false,
        "line_number": 122
      },
      {
        "type": "Secret Keyword",
        "filename": ".venv/lib/python3.13/site-packages/detect_secrets/plugins/keyword.py",
        "hashed_secret": "62cdb7020ff920e5aa642c3d4066950dd1f01f4d",
        "is_verified": false,
        "line_number": 133
      },
      {
        "type": "Secret Keyword",
        "filename": ".venv/lib/python3.13/site-packages/detect_secrets/plugins/keyword.py",
        "hashed_secret": "1af17e73721dbe0c40011b82ed4bb1a7dbe3ce29",
        "is_verified": false,
        "line_number": 196
      },
      {
        "type": "Secret Keyword",
        "filename": ".venv/lib/python3.13/site-packages/detect_secrets/plugins/keyword.py",
        "hashed_secret": "f9b72e805000a5ea310939e167b6b1c2888125f7",
        "is_verified": false,
        "line_number": 269
      }
    ],
    ".venv/lib/python3.13/site-packages/detect_secrets/plugins/mailchimp.py": [
      {
        "type": "Secret Keyword",
        "filename": ".venv/lib/python3.13/site-packages/detect_secrets/plugins/mailchimp.py",
        "hashed_secret": "35903c2a33d34d4cd19835ee9493a65fc1a7e4bc",
        "is_verified": false,
        "line_number": 15
      }
    ],
    ".venv/lib/python3.13/site-packages/detect_secrets/plugins/npm.py": [
      {
        "type": "Secret Keyword",
        "filename": ".venv/lib/python3.13/site-packages/detect_secrets/plugins/npm.py",
        "hashed_secret": "91f845de51016327363f57d22da2466cbc652314",
        "is_verified": false,
        "line_number": 11
      }
    ],
    ".venv/lib/python3.13/site-packages/detect_secrets/plugins/openai.py": [
      {
        "type": "Secret Keyword",
        "filename": ".venv/lib/python3.13/site-packages/detect_secrets/plugins/openai.py",
        "hashed_secret": "660b79d7d79f4aaa174580076ef6e079b8a81914",
        "is_verified": false,
        "line_number": 11
      }
    ],
    ".venv/lib/python3.13/site-packages/detect_secrets/plugins/private_key.py": [
      {
        "type": "Secret Keyword",
        "filename": ".venv/lib/python3.13/site-packages/detect_secrets/plugins/private_key.py",
        "hashed_secret": "ade5ddaf2557ee93225fc565adbfe1ade3bae3a0",
        "is_verified": false,
        "line_number": 40
      },
      {
        "type": "Private Key",
        "filename": ".venv/lib/python3.13/site-packages/detect_secrets/plugins/private_key.py",
        "hashed_secret": "daefe0b4345a654580dcad25c7c11ff4c944a8c0",
        "is_verified": false,
        "line_number": 45
      },
      {
        "type": "Private Key",
        "filename": ".venv/lib/python3.13/site-packages/detect_secrets/plugins/private_key.py",
        "hashed_secret": "f0778f3e140a61d5bbbed5430773e52af2f5fba4",
        "is_verified": false,
        "line_number": 46
      },
      {
        "type": "Private Key",
        "filename": ".venv/lib/python3.13/site-packages/detect_secrets/plugins/private_key.py",
        "hashed_secret": "27c6929aef41ae2bcadac15ca6abcaff72cda9cd",
        "is_verified": false,
        "line_number": 47
      },
      {
        "type": "Private Key",
        "filename": ".venv/lib/python3.13/site-packages/detect_secrets/plugins/private_key.py",
        "hashed_secret": "4ada9713ec27066b2ffe0b7bd9c9c8d635dc4ab2",
        "is_verified": false,
        "line_number": 48
      },
      {
        "type": "Private Key",
        "filename": ".venv/lib/python3.13/site-packages/detect_secrets/plugins/private_key.py",
        "hashed_secret": "1348b145fa1a555461c1b790a2f66614781091e9",
        "is_verified": false,
        "line_number": 49
      },
      {
        "type": "Private Key",
        "filename": ".venv/lib/python3.13/site-packages/detect_secrets/plugins/private_key.py",
        "hashed_secret": "be4fc4886bd949b369d5e092eb87494f12e57e5b",
        "is_verified": false,
        "line_number": 50
      },
      {
        "type": "Private Key",
        "filename": ".venv/lib/python3.13/site-packages/detect_secrets/plugins/private_key.py",
        "hashed_secret": "9279619d0c9a9529b0b223e3b809f4df24b8ba8b",
        "is_verified": false,
        "line_number": 51
      },
      {
        "type": "Private Key",
        "filename": ".venv/lib/python3.13/site-packages/detect_secrets/plugins/private_key.py",
        "hashed_secret": "11200d1bf5e1eb358b5d823c443347d97e982a85",
        "is_verified": false,
        "line_number": 52
      }
    ],
    ".venv/lib/python3.13/site-packages/detect_secrets/plugins/pypi_token.py": [
      {
        "type": "Secret Keyword",
        "filename": ".venv/lib/python3.13/site-packages/detect_secrets/plugins/pypi_token.py",
        "hashed_secret": "9b42f32269056810ecc07889f4bc0f2f20afd427",
        "is_verified": false,
        "line_number": 11
      }
    ],
    ".venv/lib/python3.13/site-packages/detect_secrets/plugins/sendgrid.py": [
      {
        "type": "Secret Keyword",
        "filename": ".venv/lib/python3.13/site-packages/detect_secrets/plugins/sendgrid.py",
        "hashed_secret": "2c59a4461d825cb06039b5b4d3edf6b83dfac044",
        "is_verified": false,
        "line_number": 11
      }
    ],
    ".venv/lib/python3.13/site-packages/detect_secrets/plugins/slack.py": [
      {
        "type": "Secret Keyword",
        "filename": ".venv/lib/python3.13/site-packages/detect_secrets/plugins/slack.py",
        "hashed_secret": "f53d14b97c7cdfa2eaac4b240c8ff4876a47640a",
        "is_verified": false,
        "line_number": 17
      }
    ],
    ".venv/lib/python3.13/site-packages/detect_secrets/plugins/softlayer.py": [
      {
        "type": "Secret Keyword",
        "filename": ".venv/lib/python3.13/site-packages/detect_secrets/plugins/softlayer.py",
        "hashed_secret": "d5d8ace6d124d2522a81bfae43b01b5c905dc2b8",
        "is_verified": false,
        "line_number": 14
      }
    ],
    ".venv/lib/python3.13/site-packages/detect_secrets/plugins/square_oauth.py": [
      {
        "type": "Secret Keyword",
        "filename": ".venv/lib/python3.13/site-packages/detect_secrets/plugins/square_oauth.py",
        "hashed_secret": "cc357703e7cb9f49dabce90321937ace687b20f0",
        "is_verified": false,
        "line_number": 8
      }
    ],
    ".venv/lib/python3.13/site-packages/detect_secrets/plugins/stripe.py": [
      {
        "type": "Secret Keyword",
        "filename": ".venv/lib/python3.13/site-packages/detect_secrets/plugins/stripe.py",
        "hashed_secret": "b4685568c7c8d5d49451a187014711ebc75f70af",
        "is_verified": false,
        "line_number": 12
      }
    ],
    ".venv/lib/python3.13/site-packages/detect_secrets/plugins/telegram_token.py": [
      {
        "type": "Secret Keyword",
        "filename": ".venv/lib/python3.13/site-packages/detect_secrets/plugins/telegram_token.py",
        "hashed_secret": "abfd5b9f85b54e77c61438784d766292e3a7f46b",
        "is_verified": false,
        "line_number": 14
      }
    ],
    ".venv/lib/python3.13/site-packages/detect_secrets/plugins/twilio.py": [
      {
        "type": "Secret Keyword",
        "filename": ".venv/lib/python3.13/site-packages/detect_secrets/plugins/twilio.py",
        "hashed_secret": "688ecd55118006d5bad4cd43f4a26a98a06bec19",
        "is_verified": false,
        "line_number": 11
      },
      {
        "type": "Twilio API Key",
        "filename": ".venv/lib/python3.13/site-packages/detect_secrets/plugins/twilio.py",
        "hashed_secret": "3c7206eff845bc69cf12d904d0f95f9aec15535e",
        "is_verified": false,
        "line_number": 14
      },
      {
        "type": "Twilio API Key",
        "filename": ".venv/lib/python3.13/site-packages/detect_secrets/plugins/twilio.py",
        "hashed_secret": "34c2246140bc39b1fce81d9be2124f713a06bdaf",
        "is_verified": false,
        "line_number": 17
      }
    ],
    ".venv/lib/python3.13/site-packages/networkx/algorithms/graph_hashing.py": [
      {
        "type": "Hex High Entropy String",
        "filename": ".venv/lib/python3.13/site-packages/networkx/algorithms/graph_hashing.py",
        "hashed_secret": "ef41f5ddaaceb993ef555c6d125fed164e3dae97",
        "is_verified": false,
        "line_number": 153
      },
      {
        "type": "Hex High Entropy String",
        "filename": ".venv/lib/python3.13/site-packages/networkx/algorithms/graph_hashing.py",
        "hashed_secret": "f6396f3cbb92179ff5459db99fb0a2a5b25b7ec8",
        "is_verified": false,
        "line_number": 161
      },
      {
        "type": "Hex High Entropy String",
        "filename": ".venv/lib/python3.13/site-packages/networkx/algorithms/graph_hashing.py",
        "hashed_secret": "9f39d5ebc2a66cf2202341592454350eb021122a",
        "is_verified": false,
        "line_number": 163
      },
      {
        "type": "Hex High Entropy String",
        "filename": ".venv/lib/python3.13/site-packages/networkx/algorithms/graph_hashing.py",
        "hashed_secret": "367544d226afc96b405051045a897576ca44907b",
        "is_verified": false,
        "line_number": 347
      },
      {
        "type": "Hex High Entropy String",
        "filename": ".venv/lib/python3.13/site-packages/networkx/algorithms/graph_hashing.py",
        "hashed_secret": "511e6c0ee62965e1643fd715adce5ee7cf09d0c1",
        "is_verified": false,
        "line_number": 347
      },
      {
        "type": "Hex High Entropy String",
        "filename": ".venv/lib/python3.13/site-packages/networkx/algorithms/graph_hashing.py",
        "hashed_secret": "73fe27f294fb71ff6b1479a0688d562d18472747",
        "is_verified": false,
        "line_number": 347
      },
      {
        "type": "Hex High Entropy String",
        "filename": ".venv/lib/python3.13/site-packages/networkx/algorithms/graph_hashing.py",
        "hashed_secret": "d315309c5384f7581dbd1ead5b6ff20dc5500dcc",
        "is_verified": false,
        "line_number": 347
      },
      {
        "type": "Hex High Entropy String",
        "filename": ".venv/lib/python3.13/site-packages/networkx/algorithms/graph_hashing.py",
        "hashed_secret": "e99d4a385d2f3071bd0ed0a7930eab9b47713309",
        "is_verified": false,
        "line_number": 349
      }
    ],
    ".venv/lib/python3.13/site-packages/pip/_vendor/urllib3/util/url.py": [
      {
        "type": "Basic Auth Credentials",
        "filename": ".venv/lib/python3.13/site-packages/pip/_vendor/urllib3/util/url.py",
        "hashed_secret": "5baa61e4c9b93f3f0682250b6cf8331b7ee68fd8",
        "is_verified": false,
        "line_number": 148
      }
    ],
    ".venv/lib/python3.13/site-packages/pygments/lexers/_cocoa_builtins.py": [
      {
        "type": "Base64 High Entropy String",
        "filename": ".venv/lib/python3.13/site-packages/pygments/lexers/_cocoa_builtins.py",
        "hashed_secret": "d42bda5de6790d8696ff1e43db8babaaecfbdb5a",
        "is_verified": false,
        "line_number": 14
      }
    ],
    ".venv/lib/python3.13/site-packages/urllib3/util/url.py": [
      {
        "type": "Basic Auth Credentials",
        "filename": ".venv/lib/python3.13/site-packages/urllib3/util/url.py",
        "hashed_secret": "5baa61e4c9b93f3f0682250b6cf8331b7ee68fd8",
        "is_verified": false,
        "line_number": 186
      }
    ],
    "external-skills/gstack/SKILL.md": [
      {
        "type": "Hex High Entropy String",
        "filename": "external-skills/gstack/SKILL.md",
        "hashed_secret": "45568f097ef9cf0bb67714024e3234ba74dd528d",
        "is_verified": false,
        "line_number": 484
      }
    ],
    "external-skills/gstack/benchmark/SKILL.md": [
      {
        "type": "Hex High Entropy String",
        "filename": "external-skills/gstack/benchmark/SKILL.md",
        "hashed_secret": "45568f097ef9cf0bb67714024e3234ba74dd528d",
        "is_verified": false,
        "line_number": 447
      }
    ],
    "external-skills/gstack/browse/SKILL.md": [
      {
        "type": "Hex High Entropy String",
        "filename": "external-skills/gstack/browse/SKILL.md",
        "hashed_secret": "45568f097ef9cf0bb67714024e3234ba74dd528d",
        "is_verified": false,
        "line_number": 451
      }
    ],
    "external-skills/gstack/browse/test/config.test.ts": [
      {
        "type": "Hex High Entropy String",
        "filename": "external-skills/gstack/browse/test/config.test.ts",
        "hashed_secret": "b4c9248600a42f8c38c01b632f392dbcb4c7b19a",
        "is_verified": false,
        "line_number": 172
      }
    ],
    "external-skills/gstack/browse/test/cookie-import-browser.test.ts": [
      {
        "type": "Secret Keyword",
        "filename": "external-skills/gstack/browse/test/cookie-import-browser.test.ts",
        "hashed_secret": "ad8287cd7258e61720646b9f71d5438b41e4e7ec",
        "is_verified": false,
        "line_number": 8
      },
      {
        "type": "Secret Keyword",
        "filename": "external-skills/gstack/browse/test/cookie-import-browser.test.ts",
        "hashed_secret": "9413ee70957a09d55704123687478e07f18c7b29",
        "is_verified": false,
        "line_number": 27
      },
      {
        "type": "Secret Keyword",
        "filename": "external-skills/gstack/browse/test/cookie-import-browser.test.ts",
        "hashed_secret": "ec60460d79e6e94f00b554d1e38951a57d5dfe88",
        "is_verified": false,
        "line_number": 29
      }
    ],
    "external-skills/gstack/canary/SKILL.md": [
      {
        "type": "Hex High Entropy String",
        "filename": "external-skills/gstack/canary/SKILL.md",
        "hashed_secret": "45568f097ef9cf0bb67714024e3234ba74dd528d",
        "is_verified": false,
        "line_number": 556
      }
    ],
    "external-skills/gstack/cso/SKILL.md": [
      {
        "type": "Secret Keyword",
        "filename": "external-skills/gstack/cso/SKILL.md",
        "hashed_secret": "50d8b4a941c26b89482c94ab324b5a274f9ced66",
        "is_verified": false,
        "line_number": 1134
      }
    ],
    "external-skills/gstack/cso/SKILL.md.tmpl": [
      {
        "type": "Secret Keyword",
        "filename": "external-skills/gstack/cso/SKILL.md.tmpl",
        "hashed_secret": "50d8b4a941c26b89482c94ab324b5a274f9ced66",
        "is_verified": false,
        "line_number": 567
      }
    ],
    "external-skills/gstack/design-consultation/SKILL.md": [
      {
        "type": "Hex High Entropy String",
        "filename": "external-skills/gstack/design-consultation/SKILL.md",
        "hashed_secret": "45568f097ef9cf0bb67714024e3234ba74dd528d",
        "is_verified": false,
        "line_number": 621
      }
    ],
    "external-skills/gstack/design-html/SKILL.md": [
      {
        "type": "Hex High Entropy String",
        "filename": "external-skills/gstack/design-html/SKILL.md",
        "hashed_secret": "45568f097ef9cf0bb67714024e3234ba74dd528d",
        "is_verified": false,
        "line_number": 613
      }
    ],
    "external-skills/gstack/design-review/SKILL.md": [
      {
        "type": "Hex High Entropy String",
        "filename": "external-skills/gstack/design-review/SKILL.md",
        "hashed_secret": "45568f097ef9cf0bb67714024e3234ba74dd528d",
        "is_verified": false,
        "line_number": 628
      }
    ],
    "external-skills/gstack/design/src/auth.ts": [
      {
        "type": "Secret Keyword",
        "filename": "external-skills/gstack/design/src/auth.ts",
        "hashed_secret": "ec3810e10fb78db55ce38b9c18d1c3eb1db739e0",
        "is_verified": false,
        "line_number": 5
      },
      {
        "type": "Secret Keyword",
        "filename": "external-skills/gstack/design/src/auth.ts",
        "hashed_secret": "ecb252044b5ea0f679ee78ec1a12904739e2904d",
        "is_verified": false,
        "line_number": 21
      }
    ],
    "external-skills/gstack/devex-review/SKILL.md": [
      {
        "type": "Hex High Entropy String",
        "filename": "external-skills/gstack/devex-review/SKILL.md",
        "hashed_secret": "45568f097ef9cf0bb67714024e3234ba74dd528d",
        "is_verified": false,
        "line_number": 618
      }
    ],
    "external-skills/gstack/docs/designs/DESIGN_TOOLS_V1.md": [
      {
        "type": "Secret Keyword",
        "filename": "external-skills/gstack/docs/designs/DESIGN_TOOLS_V1.md",
        "hashed_secret": "ec3810e10fb78db55ce38b9c18d1c3eb1db739e0",
        "is_verified": false,
        "line_number": 404
      }
    ],
    "external-skills/gstack/land-and-deploy/SKILL.md": [
      {
        "type": "Hex High Entropy String",
        "filename": "external-skills/gstack/land-and-deploy/SKILL.md",
        "hashed_secret": "45568f097ef9cf0bb67714024e3234ba74dd528d",
        "is_verified": false,
        "line_number": 573
      }
    ],
    "external-skills/gstack/office-hours/SKILL.md": [
      {
        "type": "Hex High Entropy String",
        "filename": "external-skills/gstack/office-hours/SKILL.md",
        "hashed_secret": "45568f097ef9cf0bb67714024e3234ba74dd528d",
        "is_verified": false,
        "line_number": 583
      }
    ],
    "external-skills/gstack/open-gstack-browser/SKILL.md": [
      {
        "type": "Hex High Entropy String",
        "filename": "external-skills/gstack/open-gstack-browser/SKILL.md",
        "hashed_secret": "45568f097ef9cf0bb67714024e3234ba74dd528d",
        "is_verified": false,
        "line_number": 578
      }
    ],
    "external-skills/gstack/pair-agent/SKILL.md": [
      {
        "type": "Hex High Entropy String",
        "filename": "external-skills/gstack/pair-agent/SKILL.md",
        "hashed_secret": "45568f097ef9cf0bb67714024e3234ba74dd528d",
        "is_verified": false,
        "line_number": 597
      }
    ],
    "external-skills/gstack/qa-only/SKILL.md": [
      {
        "type": "Hex High Entropy String",
        "filename": "external-skills/gstack/qa-only/SKILL.md",
        "hashed_secret": "45568f097ef9cf0bb67714024e3234ba74dd528d",
        "is_verified": false,
        "line_number": 595
      }
    ],
    "external-skills/gstack/qa/SKILL.md": [
      {
        "type": "Hex High Entropy String",
        "filename": "external-skills/gstack/qa/SKILL.md",
        "hashed_secret": "45568f097ef9cf0bb67714024e3234ba74dd528d",
        "is_verified": false,
        "line_number": 670
      }
    ],
    "external-skills/gstack/scripts/resolvers/browse.ts": [
      {
        "type": "Hex High Entropy String",
        "filename": "external-skills/gstack/scripts/resolvers/browse.ts",
        "hashed_secret": "45568f097ef9cf0bb67714024e3234ba74dd528d",
        "is_verified": false,
        "line_number": 124
      }
    ],
    "external-skills/gstack/setup-browser-cookies/SKILL.md": [
      {
        "type": "Hex High Entropy String",
        "filename": "external-skills/gstack/setup-browser-cookies/SKILL.md",
        "hashed_secret": "45568f097ef9cf0bb67714024e3234ba74dd528d",
        "is_verified": false,
        "line_number": 466
      }
    ],
    "external-skills/gstack/supabase/config.sh": [
      {
        "type": "Base64 High Entropy String",
        "filename": "external-skills/gstack/supabase/config.sh",
        "hashed_secret": "21e3d10050cbf91dfafe0b370adb93f6a7f85743",
        "is_verified": false,
        "line_number": 8
      }
    ],
    "external-skills/gstack/test/skill-e2e-cso.test.ts": [
      {
        "type": "Secret Keyword",
        "filename": "external-skills/gstack/test/skill-e2e-cso.test.ts",
        "hashed_secret": "1043071fb8eddffe7fd732ed7b77935864b76701",
        "is_verified": false,
        "line_number": 45
      },
      {
        "type": "Basic Auth Credentials",
        "filename": "external-skills/gstack/test/skill-e2e-cso.test.ts",
        "hashed_secret": "364bdf2ed77a8544d3b711a03b69eeadcc63c9d7",
        "is_verified": false,
        "line_number": 54
      }
    ],
    "external-skills/superpowers/tests/brainstorm-server/ws-protocol.test.js": [
      {
        "type": "Secret Keyword",
        "filename": "external-skills/superpowers/tests/brainstorm-server/ws-protocol.test.js",
        "hashed_secret": "8472ed7f657593c6834197cd8f0dc86b5842c2dd",
        "is_verified": false,
        "line_number": 53
      },
      {
        "type": "Base64 High Entropy String",
        "filename": "external-skills/superpowers/tests/brainstorm-server/ws-protocol.test.js",
        "hashed_secret": "3dabcc1d29c01a3c1f515d6d68bfc6522bbec1cb",
        "is_verified": false,
        "line_number": 54
      }
    ]
  },
  "generated_at": "2026-04-18T19:33:57Z"
}
